
> smartcampus-frontend@0.1.0 start
> react-scripts start

(node:6764) [DEP_WEBPACK_DEV_SERVER_ON_AFTER_SETUP_MIDDLEWARE] DeprecationWarning: 'onAfterSetupMiddleware' option is deprecated. Please use the 'setupMiddlewares' option.
(Use `node --trace-deprecation ...` to show where the warning was created)
(node:6764) [DEP_WEBPACK_DEV_SERVER_ON_BEFORE_SETUP_MIDDLEWARE] DeprecationWarning: 'onBeforeSetupMiddleware' option is deprecated. Please use the 'setupMiddlewares' option.
Starting the development server...

Compiled with warnings.

[eslint] 
src\pages\Dashboard.jsx
  Line 2:39:  'Users' is defined but never used  no-unused-vars

src\pages\LandingPage.jsx
  Line 4:22:  'Building2' is defined but never used      no-unused-vars
  Line 4:33:  'CalendarCheck' is defined but never used  no-unused-vars

Search for the keywords to learn more about each warning.
To ignore, add // eslint-disable-next-line to the line before.

[1m[33mWARNING[39m[22m in [1m[eslint] 
src\pages\Dashboard.jsx
  Line 2:39:  'Users' is defined but never used  no-unused-vars

src\pages\LandingPage.jsx
  Line 4:22:  'Building2' is defined but never used      no-unused-vars
  Line 4:33:  'CalendarCheck' is defined but never used  no-unused-vars

[39m[22m

webpack compiled with [1m[33m1 warning[39m[22m
(node:6764) [DEP0060] DeprecationWarning: The `util._extend` API is deprecated. Please use Object.assign() instead.
Compiling...
Compiled with warnings.

[eslint] 
src\pages\Dashboard.jsx
  Line 2:39:  'Users' is defined but never used  no-unused-vars

src\pages\LandingPage.jsx
  Line 4:22:  'Building2' is defined but never used      no-unused-vars
  Line 4:33:  'CalendarCheck' is defined but never used  no-unused-vars

Search for the keywords to learn more about each warning.
To ignore, add // eslint-disable-next-line to the line before.

[1m[33mWARNING[39m[22m in [1m[eslint] 
src\pages\Dashboard.jsx
  Line 2:39:  'Users' is defined but never used  no-unused-vars

src\pages\LandingPage.jsx
  Line 4:22:  'Building2' is defined but never used      no-unused-vars
  Line 4:33:  'CalendarCheck' is defined but never used  no-unused-vars

[39m[22m

webpack compiled with [1m[33m1 warning[39m[22m
Compiling...
Compiled with warnings.

[eslint] 
src\pages\Dashboard.jsx
  Line 2:39:  'Users' is defined but never used  no-unused-vars

src\pages\LandingPage.jsx
  Line 4:22:  'Building2' is defined but never used      no-unused-vars
  Line 4:33:  'CalendarCheck' is defined but never used  no-unused-vars

Search for the keywords to learn more about each warning.
To ignore, add // eslint-disable-next-line to the line before.

[1m[33mWARNING[39m[22m in [1m[eslint] 
src\pages\Dashboard.jsx
  Line 2:39:  'Users' is defined but never used  no-unused-vars

src\pages\LandingPage.jsx
  Line 4:22:  'Building2' is defined but never used      no-unused-vars
  Line 4:33:  'CalendarCheck' is defined but never used  no-unused-vars

[39m[22m

webpack compiled with [1m[33m1 warning[39m[22m
Proxy error: Could not proxy request /favicon.ico from localhost:3000 to http://localhost:8081/.
See https://nodejs.org/api/errors.html#errors_common_system_errors for more information (ECONNREFUSED).

Proxy error: Could not proxy request /favicon.ico from localhost:3000 to http://localhost:8081/.
See https://nodejs.org/api/errors.html#errors_common_system_errors for more information (ECONNREFUSED).

Proxy error: Could not proxy request /favicon.ico from localhost:3000 to http://localhost:8081/.
See https://nodejs.org/api/errors.html#errors_common_system_errors for more information (ECONNREFUSED).

Proxy error: Could not proxy request /favicon.ico from localhost:3000 to http://localhost:8081/.
See https://nodejs.org/api/errors.html#errors_common_system_errors for more information (ECONNREFUSED).

Proxy error: Could not proxy request /favicon.ico from localhost:3000 to http://localhost:8081/.
See https://nodejs.org/api/errors.html#errors_common_system_errors for more information (ECONNREFUSED).

Proxy error: Could not proxy request /favicon.ico from localhost:3000 to http://localhost:8081/.
See https://nodejs.org/api/errors.html#errors_common_system_errors for more information (ECONNREFUSED).

Proxy error: Could not proxy request /favicon.ico from localhost:3000 to http://localhost:8081/.
See https://nodejs.org/api/errors.html#errors_common_system_errors for more information (ECONNREFUSED).

Proxy error: Could not proxy request /favicon.ico from localhost:3000 to http://localhost:8081/.
See https://nodejs.org/api/errors.html#errors_common_system_errors for more information (ECONNREFUSED).

Proxy error: Could not proxy request /manifest.json from localhost:3000 to http://localhost:8081/.
See https://nodejs.org/api/errors.html#errors_common_system_errors for more information (ECONNREFUSED).

Proxy error: Could not proxy request /manifest.json from localhost:3000 to http://localhost:8081/.
See https://nodejs.org/api/errors.html#errors_common_system_errors for more information (ECONNREFUSED).

Proxy error: Could not proxy request /favicon.ico from localhost:3000 to http://localhost:8081/.
See https://nodejs.org/api/errors.html#errors_common_system_errors for more information (ECONNREFUSED).

Proxy error: Could not proxy request /manifest.json from localhost:3000 to http://localhost:8081/.
See https://nodejs.org/api/errors.html#errors_common_system_errors for more information (ECONNREFUSED).

Proxy error: Could not proxy request /favicon.ico from localhost:3000 to http://localhost:8081/.
See https://nodejs.org/api/errors.html#errors_common_system_errors for more information (ECONNREFUSED).

Compiling...
Compiled with warnings.

[eslint] 
src\pages\Dashboard.jsx
  Line 2:39:  'Users' is defined but never used  no-unused-vars

src\pages\LandingPage.jsx
  Line 4:22:  'Building2' is defined but never used      no-unused-vars
  Line 4:33:  'CalendarCheck' is defined but never used  no-unused-vars

Search for the keywords to learn more about each warning.
To ignore, add // eslint-disable-next-line to the line before.

[1m[33mWARNING[39m[22m in [1m[eslint] 
src\pages\Dashboard.jsx
  Line 2:39:  'Users' is defined but never used  no-unused-vars

src\pages\LandingPage.jsx
  Line 4:22:  'Building2' is defined but never used      no-unused-vars
  Line 4:33:  'CalendarCheck' is defined but never used  no-unused-vars

[39m[22m

webpack compiled with [1m[33m1 warning[39m[22m
Compiling...
Failed to compile.

Module not found: Error: Can't resolve './pages/Dashboard' in 'E:\Sliit Project\PAF\it3030-paf-2026-smart-campus-group-WE_407_5.1\frontend\src'
[1m[33mWARNING[39m[22m in [1m[eslint] 
src\pages\Dashboard.jsx
  Line 2:39:  'Users' is defined but never used  no-unused-vars

src\pages\LandingPage.jsx
  Line 4:22:  'Building2' is defined but never used      no-unused-vars
  Line 4:33:  'CalendarCheck' is defined but never used  no-unused-vars

[39m[22m

[1m[31mERROR[39m[22m in [1m./src/App.jsx[39m[22m [1m[32m9:0-46[39m[22m
[1mModule [1m[31mnot found[39m[22m[1m: [1m[31mError[39m[22m[1m: Can't resolve './pages/Dashboard' in 'E:\Sliit Project\PAF\it3030-paf-2026-smart-campus-group-WE_407_5.1\frontend\src'[39m[22m

webpack compiled with [1m[31m1 error[39m[22m and [1m[33m1 warning[39m[22m
Compiling...
Failed to compile.

Module not found: Error: Can't resolve './pages/Dashboard' in 'E:\Sliit Project\PAF\it3030-paf-2026-smart-campus-group-WE_407_5.1\frontend\src'
[1m[33mWARNING[39m[22m in [1m[eslint] 
src\pages\Dashboard.jsx
  Line 2:39:  'Users' is defined but never used  no-unused-vars

src\pages\LandingPage.jsx
  Line 4:22:  'Building2' is defined but never used      no-unused-vars
  Line 4:33:  'CalendarCheck' is defined but never used  no-unused-vars

[39m[22m

[1m[31mERROR[39m[22m in [1m./src/App.jsx[39m[22m [1m[32m9:0-46[39m[22m
[1mModule [1m[31mnot found[39m[22m[1m: [1m[31mError[39m[22m[1m: Can't resolve './pages/Dashboard' in 'E:\Sliit Project\PAF\it3030-paf-2026-smart-campus-group-WE_407_5.1\frontend\src'[39m[22m

webpack compiled with [1m[31m1 error[39m[22m and [1m[33m1 warning[39m[22m
Compiling...
Compiled with warnings.

[eslint] 
src\pages\LandingPage.jsx
  Line 4:22:  'Building2' is defined but never used      no-unused-vars
  Line 4:33:  'CalendarCheck' is defined but never used  no-unused-vars

Search for the keywords to learn more about each warning.
To ignore, add // eslint-disable-next-line to the line before.

[1m[33mWARNING[39m[22m in [1m[eslint] 
src\pages\LandingPage.jsx
  Line 4:22:  'Building2' is defined but never used      no-unused-vars
  Line 4:33:  'CalendarCheck' is defined but never used  no-unused-vars

[39m[22m

webpack compiled with [1m[33m1 warning[39m[22m
Compiling...
Compiled with warnings.

[eslint] 
src\pages\LandingPage.jsx
  Line 4:22:  'Building2' is defined but never used      no-unused-vars
  Line 4:33:  'CalendarCheck' is defined but never used  no-unused-vars

Search for the keywords to learn more about each warning.
To ignore, add // eslint-disable-next-line to the line before.

[1m[33mWARNING[39m[22m in [1m[eslint] 
src\pages\LandingPage.jsx
  Line 4:22:  'Building2' is defined but never used      no-unused-vars
  Line 4:33:  'CalendarCheck' is defined but never used  no-unused-vars

[39m[22m

webpack compiled with [1m[33m1 warning[39m[22m
Compiling...
Failed to compile.

Module not found: Error: Can't resolve './pages/Tickets' in 'E:\Sliit Project\PAF\it3030-paf-2026-smart-campus-group-WE_407_5.1\frontend\src'
[1m[33mWARNING[39m[22m in [1m[eslint] 
src\pages\LandingPage.jsx
  Line 4:22:  'Building2' is defined but never used      no-unused-vars
  Line 4:33:  'CalendarCheck' is defined but never used  no-unused-vars

[39m[22m

[1m[31mERROR[39m[22m in [1m./src/App.jsx[39m[22m [1m[32m11:0-42[39m[22m
[1mModule [1m[31mnot found[39m[22m[1m: [1m[31mError[39m[22m[1m: Can't resolve './pages/Tickets' in 'E:\Sliit Project\PAF\it3030-paf-2026-smart-campus-group-WE_407_5.1\frontend\src'[39m[22m

webpack compiled with [1m[31m1 error[39m[22m and [1m[33m1 warning[39m[22m
Compiling...
Failed to compile.

Module not found: Error: Can't resolve './pages/Tickets' in 'E:\Sliit Project\PAF\it3030-paf-2026-smart-campus-group-WE_407_5.1\frontend\src'
[1m[33mWARNING[39m[22m in [1m[eslint] 
src\pages\LandingPage.jsx
  Line 4:22:  'Building2' is defined but never used      no-unused-vars
  Line 4:33:  'CalendarCheck' is defined but never used  no-unused-vars

[39m[22m

[1m[31mERROR[39m[22m in [1m./src/App.jsx[39m[22m [1m[32m11:0-42[39m[22m
[1mModule [1m[31mnot found[39m[22m[1m: [1m[31mError[39m[22m[1m: Can't resolve './pages/Tickets' in 'E:\Sliit Project\PAF\it3030-paf-2026-smart-campus-group-WE_407_5.1\frontend\src'[39m[22m

webpack compiled with [1m[31m1 error[39m[22m and [1m[33m1 warning[39m[22m
Compiling...
Compiled with warnings.

[eslint] 
src\pages\LandingPage.jsx
  Line 4:22:  'Building2' is defined but never used      no-unused-vars
  Line 4:33:  'CalendarCheck' is defined but never used  no-unused-vars

Search for the keywords to learn more about each warning.
To ignore, add // eslint-disable-next-line to the line before.

[1m[33mWARNING[39m[22m in [1m[eslint] 
src\pages\LandingPage.jsx
  Line 4:22:  'Building2' is defined but never used      no-unused-vars
  Line 4:33:  'CalendarCheck' is defined but never used  no-unused-vars

[39m[22m

webpack compiled with [1m[33m1 warning[39m[22m
Compiling...
Compiled successfully!
webpack compiled [1m[32msuccessfully[39m[22m
Proxy error: Could not proxy request /favicon.ico from localhost:3000 to http://localhost:8081/.
See https://nodejs.org/api/errors.html#errors_common_system_errors for more information (ECONNREFUSED).

Proxy error: Could not proxy request /favicon.ico from localhost:3000 to http://localhost:8081/.
See https://nodejs.org/api/errors.html#errors_common_system_errors for more information (ECONNREFUSED).

